// Jest Snapshot v1, https://goo.gl/fbAQLP

exports[`exports default component 1`] = `
<pre>
  <code
    className="hljs"
  >
    test
  </code>
</pre>
`;
